
   INFO  Server running on [http://127.0.0.1:8123].  

  Press Ctrl+C to stop the server

  2026-06-10 22:43:08 / ....................................................................................... ~ 9 s
  2026-06-10 22:43:23 / ....................................................................................... ~ 1 s
  2026-06-10 22:43:23 /favicon.ico ............................................................................ ~ 1 s
  2026-06-10 22:43:24 /storage/photographer/rkpFDg2t22TKdD3fh3fKm9VtxEmHRESf1ncIHDMa.jpg ................... ~ 1.32ms
  2026-06-10 22:43:24 /_boost/browser-logs ............................................................... ~ 517.11ms
  2026-06-10 22:43:36 /galerija/jakov-koncert-stožice-2026 ................................................. ~ 1.84ms
  2026-06-10 22:43:36 /storage/settings/IMptZPPi10fmKXufhJEbkZY5cgL4gQ4Ef3onTNqm.png ..................... ~ 700.75ms
  2026-06-10 22:43:37 /favicon.ico ......................................................................... ~ 3.66ms
  2026-06-10 22:43:37 /_boost/browser-logs ................................................................. ~ 1.31ms
  2026-06-10 22:44:19 /track/photo-view .................................................................. ~ 511.47ms
  2026-06-10 22:44:58 /login ............................................................................. ~ 505.26ms
  2026-06-10 22:44:58 /_boost/browser-logs ............................................................... ~ 508.03ms
  2026-06-10 22:44:59 /images/flags/si.png ................................................................. ~ 0.49ms
  2026-06-10 22:44:59 /images/login-bg.png ................................................................. ~ 0.56ms
  2026-06-10 22:44:59 /favicon.ico ......................................................................... ~ 7.25ms
  2026-06-10 22:45:24 /login ............................................................................. ~ 516.42ms
  2026-06-10 22:45:24 /dashboard ......................................................................... ~ 516.00ms
  2026-06-10 22:45:25 /favicon.ico ......................................................................... ~ 0.67ms
  2026-06-10 22:45:25 /_boost/browser-logs ................................................................. ~ 0.30ms
